........................................................................ [ 66%]
....................................                                     [100%]
============================== warnings summary ===============================
tests/test_qtm_loader_next.py::test_real_member_initialization_pause_resume_and_equivalence
  tests\test_qtm_loader_next.py:34: PytestWarning: record_property is incompatible with junit_family 'xunit2' (use 'legacy' or 'xunit1')
    def test_real_member_initialization_pause_resume_and_equivalence(loader_gate_binary, record_property):

-- Docs: https://docs.pytest.org/en/stable/how-to/capture-warnings.html
- generated xml file: C:\Users\harriron\Desktop\Rubic-Photo-solve\魔方拍照解\docs\benchmarks\release-1.10.1\python-coverage.xml -
=============================== tests coverage ================================
______________ coverage: platform win32, python 3.12.14-final-0 _______________

Name                                        Stmts   Miss Branch BrPart  Cover   Missing
---------------------------------------------------------------------------------------
cube_app\cubie.py                             202     18    104     15  87.9%   119, 123-124, 127, 140->145, 146, 150->155, 156, 161->170, 171, 196, 198, 200, 202, 204, 218-222, 314
cube_app\detection.py                          33      3      8      2  87.8%   42, 59, 62
cube_app\metrics.py                            37     10     14      6  64.7%   19, 27-31, 37, 44, 53, 58
cube_app\solvers\htm\coords.py                 87     36     16      0  57.3%   28-35, 46-53, 62-73, 81, 85, 89-91, 95, 99-101
cube_app\solvers\htm\fast.py                  178      8     78     17  90.2%   50->52, 63, 76->79, 105->125, 125->151, 129->149, 155, 177, 185->210, 207->209, 210->212, 259->exit, 261->exit, 296, 299, 320, 370, 374
cube_app\solvers\htm\native.py                299     74    128     40  68.6%   65->67, 90->92, 92->94, 109, 144, 148->exit, 149-151, 160-161, 163-166, 173-175, 178-180, 182-183, 185-186, 192, 197-211, 218-220, 240-243, 247, 249, 256->259, 267->269, 275->281, 284->292, 286, 288, 290-291, 293-294, 299-302, 317, 318->322, 320->322, 327-331, 334-336, 338, 340->342, 344, 345->283, 346->349, 350, 359-360, 373, 375, 381-382, 384, 424
cube_app\solvers\htm\optimal.py               387     85    148     32  73.6%   217-218, 240->242, 245, 254-255, 257, 259, 261, 266, 292->299, 305-310, 312->323, 363-364, 382-383, 389, 435, 442->444, 450, 453, 462-467, 526, 531, 549->552, 553-555, 579, 599, 605, 616, 619, 622, 625, 627, 674-680, 723, 726-754, 760, 764, 768-776, 784-785, 791-803
cube_app\solvers\htm\tables.py                145     64     42      8  52.9%   66->65, 71, 80, 90, 115, 118, 123-178, 210-212, 225-246, 256-273
cube_app\solvers\htm\two_by_two.py            138     17     56     14  84.0%   51, 57, 60-61, 72, 75->80, 81-82, 85, 87, 122, 157, 163, 172, 176, 180, 189, 194
cube_app\solvers\htm\two_by_two_tables.py     120     14     40      5  88.1%   29, 39, 94, 109, 127-129, 137-145
cube_app\solvers\resource_broker.py           114     15     30      2  84.0%   58-67, 79, 128-131
cube_app\vision.py                            539    186    230     30  61.8%   24-47, 59-73, 88, 90, 95, 159, 162, 177-178, 186, 196-197, 201-203, 207->183, 215->225, 218, 267, 270, 272, 284, 285->291, 302, 351, 379->376, 399, 419, 422, 431, 458->450, 475-512, 519-582, 586, 598-624, 661, 680, 729-752, 775, 790->784
server.py                                     637    161    230     60  70.6%   37-40, 65-66, 76-77, 130-139, 141, 175-176, 193->exit, 195->exit, 211-213, 216, 237->exit, 245, 257, 271, 306, 319, 324->327, 337-341, 344->350, 350->exit, 363, 388, 408, 413-415, 421->423, 430, 439->446, 466-467, 495, 501, 505, 523-524, 537, 546->551, 551->553, 557->exit, 566->568, 581-585, 589-601, 613->616, 617-622, 627, 636-643, 650-659, 663, 666->677, 668->670, 678, 683-724, 726-727, 735, 738, 742, 748, 752-754, 760-762, 800-825, 848, 860-863, 876, 878, 881, 884, 895-896, 902, 905, 906->908, 916-917, 921-941, 945-951, 955-957, 961
---------------------------------------------------------------------------------------
TOTAL                                        2923    691   1126    231  72.5%

2 files skipped due to complete coverage.
Required test coverage of 70.0% reached. Total coverage: 72.49%
108 passed, 57 deselected, 1 warning in 20.93s
