{"event":"case_start","name":"initial-1","metric":"HTM","label":"baseline","repeat":0}
{"name":"initial-1","metric":"HTM","label":"baseline","repeat":0,"status":"timeout","pageWallSeconds":30.726021199999995}
{"event":"case_start","name":"initial-1","metric":"HTM","label":"current","repeat":0}
{"name":"initial-1","metric":"HTM","label":"current","repeat":0,"status":"timeout","pageWallSeconds":30.596447699999995}
{"event":"case_start","name":"initial-1","metric":"QTM","label":"baseline","repeat":0}
{"name":"initial-1","metric":"QTM","label":"baseline","repeat":0,"status":"complete","cost":22,"pageWallSeconds":18.0285417,"firstCandidate":1.0469999999999686,"strongReady":2.75,"strongAdopted":2.7659999999999627}
{"event":"case_start","name":"initial-1","metric":"QTM","label":"current","repeat":0}
{"name":"initial-1","metric":"QTM","label":"current","repeat":0,"status":"complete","cost":22,"pageWallSeconds":27.37765130000001,"firstCandidate":0.9529999999999745,"strongReady":1.875,"strongAdopted":1.906000000000006}
{"event":"case_start","name":"initial-12","metric":"HTM","label":"baseline","repeat":0}
{"name":"initial-12","metric":"HTM","label":"baseline","repeat":0,"status":"complete","cost":17,"pageWallSeconds":16.460534100000004}
{"event":"case_start","name":"initial-12","metric":"HTM","label":"current","repeat":0}
{"name":"initial-12","metric":"HTM","label":"current","repeat":0,"status":"complete","cost":17,"pageWallSeconds":6.1465702999999925}
{"event":"case_start","name":"initial-12","metric":"QTM","label":"baseline","repeat":0}
{"name":"initial-12","metric":"QTM","label":"baseline","repeat":0,"status":"complete","cost":20,"pageWallSeconds":10.928224500000011,"firstCandidate":0.8439999999999941,"strongReady":1.7659999999999627,"strongAdopted":1.7969999999999686}
{"event":"case_start","name":"initial-12","metric":"QTM","label":"current","repeat":0}
{"name":"initial-12","metric":"QTM","label":"current","repeat":0,"status":"complete","cost":20,"pageWallSeconds":7.879507599999982,"firstCandidate":0.8439999999999941,"strongReady":1.718999999999994,"strongAdopted":1.75}
{"event":"case_start","name":"initial-2","metric":"HTM","label":"baseline","repeat":0}
{"name":"initial-2","metric":"HTM","label":"baseline","repeat":0,"status":"complete","cost":17,"pageWallSeconds":6.34545120000001}
{"event":"case_start","name":"initial-2","metric":"HTM","label":"current","repeat":0}
{"name":"initial-2","metric":"HTM","label":"current","repeat":0,"status":"complete","cost":17,"pageWallSeconds":6.195064199999994}
{"event":"case_start","name":"initial-2","metric":"QTM","label":"baseline","repeat":0}
{"name":"initial-2","metric":"QTM","label":"baseline","repeat":0,"status":"complete","cost":21,"pageWallSeconds":4.829047999999981,"firstCandidate":0.8909999999999627,"strongReady":1.8129999999999882,"strongAdopted":1.8289999999999509}
{"event":"case_start","name":"initial-2","metric":"QTM","label":"current","repeat":0}
{"name":"initial-2","metric":"QTM","label":"current","repeat":0,"status":"complete","cost":21,"pageWallSeconds":7.878363000000012,"firstCandidate":0.8590000000000373,"strongReady":1.75,"strongAdopted":1.780999999999949}
{"event":"case_start","name":"initial-5","metric":"HTM","label":"baseline","repeat":0}
{"name":"initial-5","metric":"HTM","label":"baseline","repeat":0,"status":"complete","cost":17,"pageWallSeconds":13.395665399999999}
{"event":"case_start","name":"initial-5","metric":"HTM","label":"current","repeat":0}
{"name":"initial-5","metric":"HTM","label":"current","repeat":0,"status":"complete","cost":17,"pageWallSeconds":14.161097200000018}
{"event":"case_start","name":"initial-5","metric":"QTM","label":"baseline","repeat":0}
{"name":"initial-5","metric":"QTM","label":"baseline","repeat":0,"status":"complete","cost":22,"pageWallSeconds":16.06292259999999,"firstCandidate":0.8429999999999609,"strongReady":1.7340000000000373,"strongAdopted":1.75}
{"event":"case_start","name":"initial-5","metric":"QTM","label":"current","repeat":0}
{"name":"initial-5","metric":"QTM","label":"current","repeat":0,"status":"complete","cost":22,"pageWallSeconds":11.96244140000001,"firstCandidate":0.8429999999999609,"strongReady":1.75,"strongAdopted":1.7649999999999864}
{"event":"case_start","name":"initial-8","metric":"HTM","label":"baseline","repeat":0}
{"name":"initial-8","metric":"HTM","label":"baseline","repeat":0,"status":"timeout","pageWallSeconds":30.660820799999986}
{"event":"case_start","name":"initial-8","metric":"HTM","label":"current","repeat":0}
{"name":"initial-8","metric":"HTM","label":"current","repeat":0,"status":"timeout","pageWallSeconds":30.75928020000004}
{"event":"case_start","name":"initial-8","metric":"QTM","label":"baseline","repeat":0}
{"name":"initial-8","metric":"QTM","label":"baseline","repeat":0,"status":"complete","cost":20,"pageWallSeconds":7.878925400000007,"firstCandidate":0.9220000000000255,"strongReady":1.8279999999999745,"strongAdopted":1.8279999999999745}
{"event":"case_start","name":"initial-8","metric":"QTM","label":"current","repeat":0}
{"name":"initial-8","metric":"QTM","label":"current","repeat":0,"status":"complete","cost":20,"pageWallSeconds":4.846169999999984,"firstCandidate":0.9219999999999118,"strongReady":1.8120000000000118,"strongAdopted":1.8279999999999745}
{"event":"case_start","name":"initial-16","metric":"HTM","label":"baseline","repeat":0}
{"name":"initial-16","metric":"HTM","label":"baseline","repeat":0,"status":"timeout","pageWallSeconds":30.79449080000003}
{"event":"case_start","name":"initial-16","metric":"HTM","label":"current","repeat":0}
{"name":"initial-16","metric":"HTM","label":"current","repeat":0,"status":"timeout","pageWallSeconds":30.644784400000002}
{"event":"case_start","name":"initial-16","metric":"QTM","label":"baseline","repeat":0}
{"name":"initial-16","metric":"QTM","label":"baseline","repeat":0,"status":"complete","cost":21,"pageWallSeconds":8.877789699999965,"firstCandidate":0.8909999999999627,"strongReady":1.8120000000000118,"strongAdopted":1.8120000000000118}
{"event":"case_start","name":"initial-16","metric":"QTM","label":"current","repeat":0}
{"name":"initial-16","metric":"QTM","label":"current","repeat":0,"status":"complete","cost":21,"pageWallSeconds":5.845597799999989,"firstCandidate":0.875,"strongReady":1.7659999999999627,"strongAdopted":1.780999999999949}
{"event":"case_start","name":"initial-1","metric":"HTM","label":"current","repeat":1}
{"name":"initial-1","metric":"HTM","label":"current","repeat":1,"status":"complete","cost":18,"pageWallSeconds":25.543933699999936}
{"event":"case_start","name":"initial-1","metric":"HTM","label":"baseline","repeat":1}
{"name":"initial-1","metric":"HTM","label":"baseline","repeat":1,"status":"timeout","pageWallSeconds":30.658454900000013}
{"event":"case_start","name":"initial-1","metric":"QTM","label":"current","repeat":1}
{"name":"initial-1","metric":"QTM","label":"current","repeat":1,"status":"complete","cost":22,"pageWallSeconds":19.162156699999933,"firstCandidate":0.9059999999999491,"strongReady":1.8439999999999372,"strongAdopted":1.875}
{"event":"case_start","name":"initial-1","metric":"QTM","label":"baseline","repeat":1}
{"name":"initial-1","metric":"QTM","label":"baseline","repeat":1,"status":"complete","cost":22,"pageWallSeconds":24.294108800000046,"firstCandidate":0.8899999999999864,"strongReady":1.780999999999949,"strongAdopted":1.8120000000000118}
{"event":"case_start","name":"initial-12","metric":"HTM","label":"current","repeat":1}
{"name":"initial-12","metric":"HTM","label":"current","repeat":1,"status":"complete","cost":17,"pageWallSeconds":16.29424529999995}
{"event":"case_start","name":"initial-12","metric":"HTM","label":"baseline","repeat":1}
{"name":"initial-12","metric":"HTM","label":"baseline","repeat":1,"status":"complete","cost":17,"pageWallSeconds":6.346497900000075}
{"event":"case_start","name":"initial-12","metric":"QTM","label":"current","repeat":1}
{"name":"initial-12","metric":"QTM","label":"current","repeat":1,"status":"complete","cost":20,"pageWallSeconds":8.879935300000012,"firstCandidate":0.8279999999999745,"strongReady":1.75,"strongAdopted":1.7649999999999864}
{"event":"case_start","name":"initial-12","metric":"QTM","label":"baseline","repeat":1}
{"name":"initial-12","metric":"QTM","label":"baseline","repeat":1,"status":"complete","cost":20,"pageWallSeconds":12.9965858,"firstCandidate":0.8440000000000509,"strongReady":1.75,"strongAdopted":1.782000000000039}
{"event":"case_start","name":"initial-2","metric":"HTM","label":"current","repeat":1}
{"name":"initial-2","metric":"HTM","label":"current","repeat":1,"status":"complete","cost":17,"pageWallSeconds":6.344648799999966}
{"event":"case_start","name":"initial-2","metric":"HTM","label":"baseline","repeat":1}
{"name":"initial-2","metric":"HTM","label":"baseline","repeat":1,"status":"complete","cost":17,"pageWallSeconds":6.34541530000011}
{"event":"case_start","name":"initial-2","metric":"QTM","label":"current","repeat":1}
{"name":"initial-2","metric":"QTM","label":"current","repeat":1,"status":"complete","cost":21,"pageWallSeconds":3.8114773999999745,"firstCandidate":0.8910000000000764,"strongReady":1.7970000000000255,"strongAdopted":1.828000000000202}
{"event":"case_start","name":"initial-2","metric":"QTM","label":"baseline","repeat":1}
{"name":"initial-2","metric":"QTM","label":"baseline","repeat":1,"status":"complete","cost":21,"pageWallSeconds":7.862544200000004,"firstCandidate":0.8910000000000764,"strongReady":1.7810000000001764,"strongAdopted":1.8120000000001255}
{"event":"case_start","name":"initial-5","metric":"HTM","label":"current","repeat":1}
{"name":"initial-5","metric":"HTM","label":"current","repeat":1,"status":"complete","cost":17,"pageWallSeconds":14.245192900000024}
{"event":"case_start","name":"initial-5","metric":"HTM","label":"baseline","repeat":1}
{"name":"initial-5","metric":"HTM","label":"baseline","repeat":1,"status":"complete","cost":17,"pageWallSeconds":13.411375200000009}
{"event":"case_start","name":"initial-5","metric":"QTM","label":"current","repeat":1}
{"name":"initial-5","metric":"QTM","label":"current","repeat":1,"status":"complete","cost":22,"pageWallSeconds":11.912889500000048,"firstCandidate":0.859000000000151,"strongReady":1.734000000000151,"strongAdopted":1.7660000000000764}
{"event":"case_start","name":"initial-5","metric":"QTM","label":"baseline","repeat":1}
{"name":"initial-5","metric":"QTM","label":"baseline","repeat":1,"status":"complete","cost":22,"pageWallSeconds":16.02991519999993,"firstCandidate":0.859000000000151,"strongReady":1.734000000000151,"strongAdopted":1.7660000000000764}
{"event":"case_start","name":"initial-8","metric":"HTM","label":"current","repeat":1}
{"name":"initial-8","metric":"HTM","label":"current","repeat":1,"status":"timeout","pageWallSeconds":30.645623999999952}
{"event":"case_start","name":"initial-8","metric":"HTM","label":"baseline","repeat":1}
{"name":"initial-8","metric":"HTM","label":"baseline","repeat":1,"status":"timeout","pageWallSeconds":30.6952169}
{"event":"case_start","name":"initial-8","metric":"QTM","label":"current","repeat":1}
{"name":"initial-8","metric":"QTM","label":"current","repeat":1,"status":"complete","cost":20,"pageWallSeconds":3.829391500000027,"firstCandidate":0.859000000000151,"strongReady":1.734000000000151,"strongAdopted":1.75}
{"event":"case_start","name":"initial-8","metric":"QTM","label":"baseline","repeat":1}
{"name":"initial-8","metric":"QTM","label":"baseline","repeat":1,"status":"complete","cost":20,"pageWallSeconds":6.880253999999957,"firstCandidate":0.8589999999999236,"strongReady":1.7339999999999236,"strongAdopted":1.75}
{"event":"case_start","name":"initial-16","metric":"HTM","label":"current","repeat":1}
{"name":"initial-16","metric":"HTM","label":"current","repeat":1,"status":"timeout","pageWallSeconds":30.678386700000033}
{"event":"case_start","name":"initial-16","metric":"HTM","label":"baseline","repeat":1}
{"name":"initial-16","metric":"HTM","label":"baseline","repeat":1,"status":"timeout","pageWallSeconds":30.660376700000022}
{"event":"case_start","name":"initial-16","metric":"QTM","label":"current","repeat":1}
{"name":"initial-16","metric":"QTM","label":"current","repeat":1,"status":"complete","cost":21,"pageWallSeconds":7.894217599999974,"firstCandidate":0.8439999999998236,"strongReady":1.7349999999999,"strongAdopted":1.75}
{"event":"case_start","name":"initial-16","metric":"QTM","label":"baseline","repeat":1}
{"name":"initial-16","metric":"QTM","label":"baseline","repeat":1,"status":"complete","cost":21,"pageWallSeconds":6.829010000000009,"firstCandidate":0.8440000000000509,"strongReady":1.734000000000151,"strongAdopted":1.734000000000151}
{"event":"case_start","name":"initial-1","metric":"HTM","label":"baseline","repeat":2}
{"name":"initial-1","metric":"HTM","label":"baseline","repeat":2,"status":"timeout","pageWallSeconds":30.644583900000086}
{"event":"case_start","name":"initial-1","metric":"HTM","label":"current","repeat":2}
{"name":"initial-1","metric":"HTM","label":"current","repeat":2,"status":"timeout","pageWallSeconds":30.62846659999993}
{"event":"case_start","name":"initial-1","metric":"QTM","label":"baseline","repeat":2}
{"name":"initial-1","metric":"QTM","label":"baseline","repeat":2,"status":"complete","cost":22,"pageWallSeconds":16.996603899999986,"firstCandidate":0.8439999999998236,"strongReady":1.7349999999999,"strongAdopted":1.765999999999849}
{"event":"case_start","name":"initial-1","metric":"QTM","label":"current","repeat":2}
{"name":"initial-1","metric":"QTM","label":"current","repeat":2,"status":"complete","cost":22,"pageWallSeconds":11.946440300000132,"firstCandidate":0.8439999999998236,"strongReady":1.7349999999999,"strongAdopted":1.765999999999849}
{"event":"case_start","name":"initial-12","metric":"HTM","label":"baseline","repeat":2}
{"name":"initial-12","metric":"HTM","label":"baseline","repeat":2,"status":"complete","cost":17,"pageWallSeconds":5.3461573999999095}
{"event":"case_start","name":"initial-12","metric":"HTM","label":"current","repeat":2}
{"name":"initial-12","metric":"HTM","label":"current","repeat":2,"status":"complete","cost":17,"pageWallSeconds":16.278783100000116}
{"event":"case_start","name":"initial-12","metric":"QTM","label":"baseline","repeat":2}
{"name":"initial-12","metric":"QTM","label":"baseline","repeat":2,"status":"complete","cost":20,"pageWallSeconds":7.928643199999817,"firstCandidate":0.8430000000000746,"strongReady":1.75,"strongAdopted":1.7650000000001}
{"event":"case_start","name":"initial-12","metric":"QTM","label":"current","repeat":2}
{"name":"initial-12","metric":"QTM","label":"current","repeat":2,"status":"complete","cost":20,"pageWallSeconds":2.796660100000212,"firstCandidate":0.8279999999999745,"strongReady":1.75,"strongAdopted":1.780999999999949}
{"event":"case_start","name":"initial-2","metric":"HTM","label":"baseline","repeat":2}
{"name":"initial-2","metric":"HTM","label":"baseline","repeat":2,"status":"complete","cost":17,"pageWallSeconds":6.327543500000146}
{"event":"case_start","name":"initial-2","metric":"HTM","label":"current","repeat":2}
{"name":"initial-2","metric":"HTM","label":"current","repeat":2,"status":"complete","cost":17,"pageWallSeconds":6.246000500000082}
{"event":"case_start","name":"initial-2","metric":"QTM","label":"baseline","repeat":2}
{"name":"initial-2","metric":"QTM","label":"baseline","repeat":2,"status":"complete","cost":21,"pageWallSeconds":4.830524899999844,"firstCandidate":0.8439999999998236,"strongReady":1.75,"strongAdopted":1.765999999999849}
{"event":"case_start","name":"initial-2","metric":"QTM","label":"current","repeat":2}
{"name":"initial-2","metric":"QTM","label":"current","repeat":2,"status":"complete","cost":21,"pageWallSeconds":6.844921600000001,"firstCandidate":0.8440000000000509,"strongReady":1.75,"strongAdopted":1.7660000000000764}
{"event":"case_start","name":"initial-5","metric":"HTM","label":"baseline","repeat":2}
{"name":"initial-5","metric":"HTM","label":"baseline","repeat":2,"status":"complete","cost":17,"pageWallSeconds":13.428489800000097}
{"event":"case_start","name":"initial-5","metric":"HTM","label":"current","repeat":2}
{"name":"initial-5","metric":"HTM","label":"current","repeat":2,"status":"complete","cost":17,"pageWallSeconds":13.194868699999992}
{"event":"case_start","name":"initial-5","metric":"QTM","label":"baseline","repeat":2}
{"name":"initial-5","metric":"QTM","label":"baseline","repeat":2,"status":"complete","cost":22,"pageWallSeconds":16.01378780000005,"firstCandidate":0.8439999999998236,"strongReady":1.765999999999849,"strongAdopted":1.796999999999798}
{"event":"case_start","name":"initial-5","metric":"QTM","label":"current","repeat":2}
{"name":"initial-5","metric":"QTM","label":"current","repeat":2,"status":"complete","cost":22,"pageWallSeconds":11.961726300000214,"firstCandidate":0.8430000000000746,"strongReady":1.75,"strongAdopted":1.780999999999949}
{"event":"case_start","name":"initial-8","metric":"HTM","label":"baseline","repeat":2}
{"name":"initial-8","metric":"HTM","label":"baseline","repeat":2,"status":"timeout","pageWallSeconds":30.74336449999991}
{"event":"case_start","name":"initial-8","metric":"HTM","label":"current","repeat":2}
{"name":"initial-8","metric":"HTM","label":"current","repeat":2,"status":"timeout","pageWallSeconds":30.710486400000054}
{"event":"case_start","name":"initial-8","metric":"QTM","label":"baseline","repeat":2}
{"name":"initial-8","metric":"QTM","label":"baseline","repeat":2,"status":"complete","cost":20,"pageWallSeconds":6.8453963000001385,"firstCandidate":0.8599999999999,"strongReady":1.719000000000051,"strongAdopted":1.7349999999999}
{"event":"case_start","name":"initial-8","metric":"QTM","label":"current","repeat":2}
{"name":"initial-8","metric":"QTM","label":"current","repeat":2,"status":"complete","cost":20,"pageWallSeconds":2.79578600000008,"firstCandidate":0.8279999999999745,"strongReady":1.6879999999998745,"strongAdopted":1.6879999999998745}
{"event":"case_start","name":"initial-16","metric":"HTM","label":"baseline","repeat":2}
{"name":"initial-16","metric":"HTM","label":"baseline","repeat":2,"status":"timeout","pageWallSeconds":30.812544699999968}
{"event":"case_start","name":"initial-16","metric":"HTM","label":"current","repeat":2}
{"name":"initial-16","metric":"HTM","label":"current","repeat":2,"status":"timeout","pageWallSeconds":30.62908819999988}
{"event":"case_start","name":"initial-16","metric":"QTM","label":"baseline","repeat":2}
{"name":"initial-16","metric":"QTM","label":"baseline","repeat":2,"status":"complete","cost":21,"pageWallSeconds":21.11268339999998,"firstCandidate":0.8440000000000509,"strongReady":1.719000000000051,"strongAdopted":1.719000000000051}
{"event":"case_start","name":"initial-16","metric":"QTM","label":"current","repeat":2}
{"name":"initial-16","metric":"QTM","label":"current","repeat":2,"status":"complete","cost":21,"pageWallSeconds":13.028871499999893,"firstCandidate":0.8279999999999745,"strongReady":1.7189999999998236,"strongAdopted":1.7189999999998236}
